               01234567 01234567
Basic colors:  ########         
Bright colors: ########         

6x6x6 color cubes:
r=  000000111111222222333333444444555555 000000111111222222333333444444555555
g=  012345012345012345012345012345012345 012345012345012345012345012345012345
b=0 ####################################                                     
b=1 ####################################                                     
b=2 ####################################                                     
b=3 ####################################                                     
b=4 ####################################                                     
b=5 ####################################                                     

                      1         2              1         2   
            012345678901234567890123 012345678901234567890123
Grayscales: ########################                         
