[@more:8:rB :1 @world :1 @read:6 :1 @active:11 :1 @log:5 :1 @mail:6 :1 insert:6 :1 kbnum:4 :1 @clock:5]
[@more:8:rB :1 @world :1 hp:4 :1 @read:6 :1 @active:11 :1 @log:5 :1 @mail:6 :1 insert:6 :1 kbnum:4 :1 @clock:5]
[foo:3 :1 @more:8:rB :1 @world :1 hp:4 :1 @read:6 :1 @active:11 :1 @log:5 :1 @mail:6 :1 insert:6 :1 kbnum:4 :1 @clock:5]
[foo:3 :1 @more:8:rB :1 @world :1 hp:4 :1 @read:6 :1 @active:11 :1 @log:5 :1 @mail:6 :1 insert:6 :1 kbnum:4 :1 @clock:5 :1 hp:4]
[foo:3 :1 @more:8:rB :1 @world :1 @read:6 :1 @active:11 :1 @log:5 :1 insert:6 :1 kbnum:4 :1 @clock:5 :1 hp:4]
[foo:3 :1 @more:8:rB :1 @world :1 @read:6 :1 @active:11 :1 @log:1 :1 insert:6 :1 kbnum:4 :1 @clock:5 :1 hp:4]
var:[foo:3 :1 @more:8:rB :1 @world :1 @read:6 :1 @active:11 :1 @log:1 :1 insert:6 :1 kbnum:4 :1 @clock:5 :1 hp:4]
1:[bar:5 :1 bar:5]
["lit" :2 "q" "bq"]
[first:2 "lit" :2 "q" "bq"]
[a:-5 b:-0 :2:r "lit":4:B "es\"c" @world:5:uCred x:3]
[:3]
[@world :1 @clock:5]
[@world :1 @clock:8]
[@world]
[@more:8:rB :1 @world :1 @read:6 :1 @active:11 :1 @log:5 :1 @mail:6 :1 insert:6 :1 kbnum:4 :1 @clock:5]
[@world]
[y:2 :1 @world]
var:[y:2 :1 @world]
